================================================================
== Design Size Report
================================================================

* Total Instructions per Compilation Phase
+---------------+-----------------------------+--------------+----------------------------------------------------------------------------------------+
| Phase         | Step                        | Instructions | Description                                                                            |
+---------------+-----------------------------+--------------+----------------------------------------------------------------------------------------+
| Compile/Link  |                             | 2,847        | After all functions are compiled and linked into a single design                       |
|               |                             |              |                                                                                        |
| Unroll/Inline |                             |              | After user unroll and inline pragmas are applied                                       |
|               | (1) unroll                  |   186        | user unroll pragmas are applied                                                        |
|               | (2) simplification          |   166        | simplification of applied user unroll pragmas                                          |
|               | (3) inline                  |   162        | user inline pragmas are applied                                                        |
|               | (4) simplification          |   144        | simplification of applied user inline pragmas                                          |
|               |                             |              |                                                                                        |
| Array/Struct  |                             |              | After user array partition and struct aggregate/disaggregate pragmas are applied       |
|               | (1) array partition         |   147        | user array partition pragmas are applied                                               |
|               | (2) simplification          |   147        | simplification of applied user array partition & struct aggregate/disaggregate pragmas |
|               | (3) aggregate/disaggregate  |   147        | user struct aggregate/disaggregate pragmas are applied                                 |
|               | (4) array reshape           |   147        | apply array reshape pragmas                                                            |
|               | (5) access patterns         |   148        | array access pattern optmizations                                                      |
|               |                             |              |                                                                                        |
| Performance   |                             |              | After transformations are applied to meet performance pragma targets                   |
|               | (1) loop simplification     |   148        | loop and instruction simplification                                                    |
|               | (2) parallelization         |   147        | loops are unrolled or pipelined to meet performance targets                            |
|               | (3) array partition         |   147        | arrays are partitioned to meet performance targets                                     |
|               | (4) simplification          |   147        | simplification of design after performance transformations                             |
|               |                             |              |                                                                                        |
| HW Transforms |                             |              | After hardware transfomations                                                          |
|               | (1) lowering                |   154        | initial conversion to HW specific instructions                                         |
|               | (2) optimizations           |   170        | high level synthesis optimizations                                                     |
+---------------+-----------------------------+--------------+----------------------------------------------------------------------------------------+

* Instructions per Function for each Compilation Phase
+---------------+--------------------+--------------+---------------+--------------+-------------+---------------+
| Function      | Location           | Compile/Link | Unroll/Inline | Array/Struct | Performance | HW Transforms |
+---------------+--------------------+--------------+---------------+--------------+-------------+---------------+
|   axil_conv2D | axil_conv2D.cpp:12 | 2,847        | 144           | 148          | 147         | 170           |
+---------------+--------------------+--------------+---------------+--------------+-------------+---------------+

* Design Size Message Settings
+---------------------------------------------+--------+------------------------------------------------------------------+
| Message Setting                             | Value  | Description                                                      |
+---------------------------------------------+--------+------------------------------------------------------------------+
| config_compile -design_size_maximum_warning | 100000 | Show a warning when total design instructions exceeds this value |
+---------------------------------------------+--------+------------------------------------------------------------------+


