#-----------------------------------------------------------
# Vivado v2024.1.2 (64-bit)
# SW Build 5164865 on Thu Sep  5 14:36:28 MDT 2024
# IP Build 5164407 on Fri Sep  6 08:18:11 MDT 2024
# SharedData Build 5164864 on Thu Sep 05 13:09:09 MDT 2024
# Start of session at: Mon May 26 11:37:33 2025
# Process ID: 6673
# Current directory: /home/ares/Desktop/CO-Proj/Labs/Lab1/lab1_vivado/lab1_vivado.runs/impl_1
# Command line: vivado -log lab1_wrapper.vdi -applog -product Vivado -messageDb vivado.pb -mode batch -source lab1_wrapper.tcl -notrace
# Log file: /home/ares/Desktop/CO-Proj/Labs/Lab1/lab1_vivado/lab1_vivado.runs/impl_1/lab1_wrapper.vdi
# Journal file: /home/ares/Desktop/CO-Proj/Labs/Lab1/lab1_vivado/lab1_vivado.runs/impl_1/vivado.jou
# Running On        :ares
# Platform          :Linuxmint
# Operating System  :Linux Mint 21.2
# Processor Detail  :Intel(R) Core(TM) i5-4200U CPU @ 1.60GHz
# CPU Frequency     :2600.000 MHz
# CPU Physical cores:2
# CPU Logical cores :4
# Host memory       :8217 MB
# Swap memory       :2147 MB
# Total Virtual     :10364 MB
# Available Virtual :5170 MB
#-----------------------------------------------------------
source lab1_wrapper.tcl -notrace
