#-----------------------------------------------------------
# Vivado v2024.1.2 (64-bit)
# SW Build 5164865 on Thu Sep  5 14:36:28 MDT 2024
# IP Build 5164407 on Fri Sep  6 08:18:11 MDT 2024
# SharedData Build 5164864 on Thu Sep 05 13:09:09 MDT 2024
# Start of session at: Tue May 20 15:12:47 2025
# Process ID: 17255
# Current directory: /home/ares/Desktop/CO-Proj/Labs/Lab1/lab_1better_vivado/lab_1better_vivado.runs/lab1_better_rst_ps7_0_100M_0_synth_1
# Command line: vivado -log lab1_better_rst_ps7_0_100M_0.vds -product Vivado -mode batch -messageDb vivado.pb -notrace -source lab1_better_rst_ps7_0_100M_0.tcl
# Log file: /home/ares/Desktop/CO-Proj/Labs/Lab1/lab_1better_vivado/lab_1better_vivado.runs/lab1_better_rst_ps7_0_100M_0_synth_1/lab1_better_rst_ps7_0_100M_0.vds
# Journal file: /home/ares/Desktop/CO-Proj/Labs/Lab1/lab_1better_vivado/lab_1better_vivado.runs/lab1_better_rst_ps7_0_100M_0_synth_1/vivado.jou
# Running On        :ares
# Platform          :Linuxmint
# Operating System  :Linux Mint 21.2
# Processor Detail  :Intel(R) Core(TM) i5-4200U CPU @ 1.60GHz
# CPU Frequency     :1900.000 MHz
# CPU Physical cores:2
# CPU Logical cores :4
# Host memory       :8217 MB
# Swap memory       :2147 MB
# Total Virtual     :10364 MB
# Available Virtual :4150 MB
#-----------------------------------------------------------
source lab1_better_rst_ps7_0_100M_0.tcl -notrace
